Hint: (lazbuild) Primary config path: "C:\Users\user\AppData\Local\lazarus"
Hint: (lazarus) [RunTool] "C:\Users\user\tools\lazarus\lazarus-4.0\fpc\3.2.2\bin\x86_64-win64\fpc.exe" "-iWTOTP"
Hint: (lazarus) [RunTool] "C:\Users\user\tools\lazarus\lazarus-4.0\fpc\3.2.2\bin\x86_64-win64\fpc.exe" "-va" "C:\Users\user\AppData\Local\lazarus\compilertest.pas", WorkDir="C:\Users\user\AppData\Local\lazarus\"
Hint: [TPCTargetConfigCache.Update] has changed
Hint: (lazarus) [RunTool] "C:\Users\user\tools\lazarus\lazarus-4.0\fpc\3.2.2\bin\x86_64-win64\fpc.exe" "-iWTOTP" "-Px86_64" "-Twin64"
Hint: (lazarus) [RunTool] "C:\Users\user\tools\lazarus\lazarus-4.0\fpc\3.2.2\bin\x86_64-win64\fpc.exe" "-va" "C:\Users\user\AppData\Local\lazarus\compilertest.pas" "-Px86_64" "-Twin64", WorkDir="C:\Users\user\AppData\Local\lazarus\"
Hint: [TPCTargetConfigCache.Update] has changed
Hint: (lazarus) [TBuildManager.SetBuildTarget] Old=x86_64-win64--win32 New=x86_64-win64--win32 Changed: OS/CPU=True LCL=False
Hint: (lazarus) [TBuildManager.SetBuildTarget] Old=x86_64-win64--win32 New=x86_64-win64--win32 Changed: OS/CPU=True LCL=False
Hint: (lazarus) Build Project: nothing to do.
Info: (lazarus) Execute Title="Компиляция проекта, цель: C:\Users\user\Documents\GitHub\SamudraManthanam-h2431-49052\Corpus_builder\PSRCBuilder\lib\x86_64-win64\cb.exe"
Info: (lazarus) Working Directory="C:\Users\user\Documents\GitHub\SamudraManthanam-h2431-49052\Corpus_builder\PSRCBuilder\"
Info: (lazarus) Executable="C:\Users\user\tools\lazarus\lazarus-4.0\fpc\3.2.2\bin\x86_64-win64\fpc.exe"
Info: (lazarus) Param[0]="-MDelphi"
Info: (lazarus) Param[1]="-Scghi"
Info: (lazarus) Param[2]="-O1"
Info: (lazarus) Param[3]="-gw2"
Info: (lazarus) Param[4]="-godwarfsets"
Info: (lazarus) Param[5]="-gl"
Info: (lazarus) Param[6]="-WG"
Info: (lazarus) Param[7]="-l"
Info: (lazarus) Param[8]="-vewnhibq"
Info: (lazarus) Param[9]="-FiC:\Users\user\Documents\GitHub\SamudraManthanam-h2431-49052\Corpus_builder\PSRCBuilder\lib\x86_64-win64"
Info: (lazarus) Param[10]="-FuC:\Users\user\Documents\GitHub\SamudraManthanam-h2431-49052\Corpus_builder\PSRCBuilder\"
Info: (lazarus) Param[11]="-FuC:\Users\user\Documents\GitHub\SamudraManthanam-h2431-49052\Corpus_builder\PSRCBuilder\dcu"
Info: (lazarus) Param[12]="-FuC:\Users\user\tools\lazarus\lazarus-4.0\lcl\units\x86_64-win64\win32"
Info: (lazarus) Param[13]="-FuC:\Users\user\tools\lazarus\lazarus-4.0\lcl\units\x86_64-win64"
Info: (lazarus) Param[14]="-FuC:\Users\user\tools\lazarus\lazarus-4.0\components\freetype\lib\x86_64-win64"
Info: (lazarus) Param[15]="-FuC:\Users\user\tools\lazarus\lazarus-4.0\components\lazutils\lib\x86_64-win64"
Info: (lazarus) Param[16]="-FuC:\Users\user\tools\lazarus\lazarus-4.0\packager\units\x86_64-win64"
Info: (lazarus) Param[17]="-FEC:\Users\user\Documents\GitHub\SamudraManthanam-h2431-49052\Corpus_builder\PSRCBuilder\lib\x86_64-win64\"
Info: (lazarus) Param[18]="-oC:\Users\user\Documents\GitHub\SamudraManthanam-h2431-49052\Corpus_builder\PSRCBuilder\lib\x86_64-win64\cb.exe"
Info: (lazarus) Param[19]="-dLCL"
Info: (lazarus) Param[20]="-dLCLwin32"
Info: (lazarus) Param[21]="cb.lpr"
Info: (lazarus) Param[22]="-B"
Hint: (11030) Start of reading config file C:\Users\user\tools\lazarus\lazarus-4.0\fpc\3.2.2\bin\x86_64-win64\fpc.cfg
Hint: (11031) End of reading config file C:\Users\user\tools\lazarus\lazarus-4.0\fpc\3.2.2\bin\x86_64-win64\fpc.cfg
Free Pascal Compiler version 3.2.2 [2025/05/03] for x86_64
Copyright (c) 1993-2021 by Florian Klaempfl and others
(1002) Target OS: Win64 for x64
(3104) Compiling cb.lpr
(3104) Compiling fMainForm.pas
(3104) Compiling fCheckDialog.pas
(3104) Compiling .\dcu\TextU.pas
(3104) Compiling .\dcu\uTypes.pas
C:\Users\user\Documents\GitHub\SamudraManthanam-h2431-49052\Corpus_builder\PSRCBuilder\.\dcu\uTypes.pas(71,18) Warning: (5043) Symbol "DecimalSeparator" is deprecated
C:\Users\user\Documents\GitHub\SamudraManthanam-h2431-49052\Corpus_builder\PSRCBuilder\.\dcu\uTypes.pas(72,15) Warning: (5043) Symbol "DateSeparator" is deprecated
(3104) Compiling .\dcu\CalcSimU.pas
C:\Users\user\Documents\GitHub\SamudraManthanam-h2431-49052\Corpus_builder\PSRCBuilder\.\dcu\CalcSimU.pas(21,27) Hint: (5024) Parameter "R" not used
C:\Users\user\Documents\GitHub\SamudraManthanam-h2431-49052\Corpus_builder\PSRCBuilder\.\dcu\CalcSimU.pas(284,24) Hint: (5057) Local variable "pz" does not seem to be initialized
C:\Users\user\Documents\GitHub\SamudraManthanam-h2431-49052\Corpus_builder\PSRCBuilder\.\dcu\CalcSimU.pas(284,21) Hint: (5057) Local variable "py" does not seem to be initialized
C:\Users\user\Documents\GitHub\SamudraManthanam-h2431-49052\Corpus_builder\PSRCBuilder\.\dcu\CalcSimU.pas(284,18) Hint: (5057) Local variable "px" does not seem to be initialized
(3104) Compiling .\dcu\statprocs.pas
(3104) Compiling .\dcu\uSort.pas
(3104) Compiling .\dcu\ArtMath.pas
C:\Users\user\Documents\GitHub\SamudraManthanam-h2431-49052\Corpus_builder\PSRCBuilder\.\dcu\ArtMath.pas(60,19) Hint: (5091) Local variable "ArrDest" of a managed type does not seem to be initialized
C:\Users\user\Documents\GitHub\SamudraManthanam-h2431-49052\Corpus_builder\PSRCBuilder\.\dcu\ArtMath.pas(54,2) Note: (5025) Local variable "Value" not used
C:\Users\user\Documents\GitHub\SamudraManthanam-h2431-49052\Corpus_builder\PSRCBuilder\.\dcu\ArtMath.pas(138,9) Note: (6058) Call to subroutine "function Norm(const data:{Open} Array Of Double):Double;" marked as inline is not inlined
C:\Users\user\Documents\GitHub\SamudraManthanam-h2431-49052\Corpus_builder\PSRCBuilder\.\dcu\ArtMath.pas(147,31) Hint: (5057) Local variable "StdDev" does not seem to be initialized
C:\Users\user\Documents\GitHub\SamudraManthanam-h2431-49052\Corpus_builder\PSRCBuilder\.\dcu\ArtMath.pas(147,24) Hint: (5057) Local variable "Mean" does not seem to be initialized
C:\Users\user\Documents\GitHub\SamudraManthanam-h2431-49052\Corpus_builder\PSRCBuilder\.\dcu\ArtMath.pas(147,2) Note: (6058) Call to subroutine "procedure MeanAndStdDev(const data:{Open} Array Of Double;var mean:Double;var stddev:Double);" marked as inline is not inlined
C:\Users\user\Documents\GitHub\SamudraManthanam-h2431-49052\Corpus_builder\PSRCBuilder\.\dcu\ArtMath.pas(206,31) Hint: (5057) Local variable "sigma" does not seem to be initialized
C:\Users\user\Documents\GitHub\SamudraManthanam-h2431-49052\Corpus_builder\PSRCBuilder\.\dcu\ArtMath.pas(206,25) Hint: (5057) Local variable "middle" does not seem to be initialized
C:\Users\user\Documents\GitHub\SamudraManthanam-h2431-49052\Corpus_builder\PSRCBuilder\.\dcu\ArtMath.pas(206,2) Note: (6058) Call to subroutine "procedure MeanAndStdDev(const data:{Open} Array Of Double;var mean:Double;var stddev:Double);" marked as inline is not inlined
C:\Users\user\Documents\GitHub\SamudraManthanam-h2431-49052\Corpus_builder\PSRCBuilder\.\dcu\ArtMath.pas(251,18) Hint: (5091) Local variable "ArrInt" of a managed type does not seem to be initialized
C:\Users\user\Documents\GitHub\SamudraManthanam-h2431-49052\Corpus_builder\PSRCBuilder\.\dcu\ArtMath.pas(252,19) Hint: (5091) Local variable "bPosArr" of a managed type does not seem to be initialized
C:\Users\user\Documents\GitHub\SamudraManthanam-h2431-49052\Corpus_builder\PSRCBuilder\.\dcu\ArtMath.pas(277,18) Hint: (5091) Local variable "ArrInt" of a managed type does not seem to be initialized
C:\Users\user\Documents\GitHub\SamudraManthanam-h2431-49052\Corpus_builder\PSRCBuilder\.\dcu\ArtMath.pas(278,19) Hint: (5091) Local variable "bPosArr" of a managed type does not seem to be initialized
C:\Users\user\Documents\GitHub\SamudraManthanam-h2431-49052\Corpus_builder\PSRCBuilder\.\dcu\ArtMath.pas(422,17) Hint: (5091) Local variable "state" of a managed type does not seem to be initialized
C:\Users\user\Documents\GitHub\SamudraManthanam-h2431-49052\Corpus_builder\PSRCBuilder\.\dcu\ArtMath.pas(448,21) Hint: (5057) Local variable "U" does not seem to be initialized
C:\Users\user\Documents\GitHub\SamudraManthanam-h2431-49052\Corpus_builder\PSRCBuilder\.\dcu\ArtMath.pas(449,21) Hint: (5057) Local variable "T" does not seem to be initialized
C:\Users\user\Documents\GitHub\SamudraManthanam-h2431-49052\Corpus_builder\PSRCBuilder\.\dcu\ArtMath.pas(626,2) Note: (5027) Local variable "c1" is assigned but never used
C:\Users\user\Documents\GitHub\SamudraManthanam-h2431-49052\Corpus_builder\PSRCBuilder\.\dcu\ArtMath.pas(626,5) Note: (5027) Local variable "c2" is assigned but never used
C:\Users\user\Documents\GitHub\SamudraManthanam-h2431-49052\Corpus_builder\PSRCBuilder\.\dcu\ArtMath.pas(626,8) Note: (5027) Local variable "c3" is assigned but never used
C:\Users\user\Documents\GitHub\SamudraManthanam-h2431-49052\Corpus_builder\PSRCBuilder\.\dcu\statprocs.pas(109,2) Note: (5025) Local variable "i" not used
C:\Users\user\Documents\GitHub\SamudraManthanam-h2431-49052\Corpus_builder\PSRCBuilder\.\dcu\statprocs.pas(171,38) Hint: (5057) Local variable "sigma" does not seem to be initialized
C:\Users\user\Documents\GitHub\SamudraManthanam-h2431-49052\Corpus_builder\PSRCBuilder\.\dcu\statprocs.pas(171,30) Hint: (5057) Local variable "mid" does not seem to be initialized
C:\Users\user\Documents\GitHub\SamudraManthanam-h2431-49052\Corpus_builder\PSRCBuilder\.\dcu\statprocs.pas(223,21) Hint: (5057) Local variable "U" does not seem to be initialized
C:\Users\user\Documents\GitHub\SamudraManthanam-h2431-49052\Corpus_builder\PSRCBuilder\.\dcu\statprocs.pas(224,21) Hint: (5057) Local variable "T" does not seem to be initialized
C:\Users\user\Documents\GitHub\SamudraManthanam-h2431-49052\Corpus_builder\PSRCBuilder\.\dcu\statprocs.pas(258,17) Hint: (5091) Local variable "state" of a managed type does not seem to be initialized
C:\Users\user\Documents\GitHub\SamudraManthanam-h2431-49052\Corpus_builder\PSRCBuilder\.\dcu\statprocs.pas(346,32) Hint: (5057) Local variable "sigma" does not seem to be initialized
C:\Users\user\Documents\GitHub\SamudraManthanam-h2431-49052\Corpus_builder\PSRCBuilder\.\dcu\statprocs.pas(346,26) Hint: (5057) Local variable "middle" does not seem to be initialized
C:\Users\user\Documents\GitHub\SamudraManthanam-h2431-49052\Corpus_builder\PSRCBuilder\.\dcu\statprocs.pas(359,5) Warning: (5036) Local variable "SS" does not seem to be initialized
C:\Users\user\Documents\GitHub\SamudraManthanam-h2431-49052\Corpus_builder\PSRCBuilder\.\dcu\statprocs.pas(359,40) Warning: (5036) Local variable "Press" does not seem to be initialized
C:\Users\user\Documents\GitHub\SamudraManthanam-h2431-49052\Corpus_builder\PSRCBuilder\.\dcu\statprocs.pas(30,24) Hint: (5024) Parameter "X" not used
C:\Users\user\Documents\GitHub\SamudraManthanam-h2431-49052\Corpus_builder\PSRCBuilder\.\dcu\statprocs.pas(30,26) Hint: (5024) Parameter "Y" not used
C:\Users\user\Documents\GitHub\SamudraManthanam-h2431-49052\Corpus_builder\PSRCBuilder\.\dcu\statprocs.pas(30,39) Hint: (5024) Parameter "Qelm" not used
C:\Users\user\Documents\GitHub\SamudraManthanam-h2431-49052\Corpus_builder\PSRCBuilder\.\dcu\statprocs.pas(44,26) Hint: (5024) Parameter "f1" not used
C:\Users\user\Documents\GitHub\SamudraManthanam-h2431-49052\Corpus_builder\PSRCBuilder\.\dcu\statprocs.pas(44,29) Hint: (5024) Parameter "f2" not used
C:\Users\user\Documents\GitHub\SamudraManthanam-h2431-49052\Corpus_builder\PSRCBuilder\.\dcu\statprocs.pas(44,40) Hint: (5024) Parameter "SignLevel" not used
C:\Users\user\Documents\GitHub\SamudraManthanam-h2431-49052\Corpus_builder\PSRCBuilder\.\dcu\statprocs.pas(47,13) Hint: (5023) Unit "uSort" not used in statprocs
C:\Users\user\Documents\GitHub\SamudraManthanam-h2431-49052\Corpus_builder\PSRCBuilder\.\dcu\TextU.pas(114,32) Warning: (4045) Comparison might be always true due to range of constant and expression
C:\Users\user\Documents\GitHub\SamudraManthanam-h2431-49052\Corpus_builder\PSRCBuilder\.\dcu\TextU.pas(416,13) Hint: (5057) Local variable "b1" does not seem to be initialized
C:\Users\user\Documents\GitHub\SamudraManthanam-h2431-49052\Corpus_builder\PSRCBuilder\.\dcu\TextU.pas(417,13) Hint: (5057) Local variable "b2" does not seem to be initialized
C:\Users\user\Documents\GitHub\SamudraManthanam-h2431-49052\Corpus_builder\PSRCBuilder\.\dcu\TextU.pas(447,31) Warning: (5093) function result variable of a managed type does not seem to be initialized
C:\Users\user\Documents\GitHub\SamudraManthanam-h2431-49052\Corpus_builder\PSRCBuilder\.\dcu\TextU.pas(579,16) Hint: (5091) Local variable "d" of a managed type does not seem to be initialized
C:\Users\user\Documents\GitHub\SamudraManthanam-h2431-49052\Corpus_builder\PSRCBuilder\.\dcu\TextU.pas(668,31) Hint: (5091) Local variable "PBA" of a managed type does not seem to be initialized
C:\Users\user\Documents\GitHub\SamudraManthanam-h2431-49052\Corpus_builder\PSRCBuilder\.\dcu\TextU.pas(676,21) Hint: (5091) Local variable "PBA" of a managed type does not seem to be initialized
C:\Users\user\Documents\GitHub\SamudraManthanam-h2431-49052\Corpus_builder\PSRCBuilder\.\dcu\TextU.pas(683,3) Note: (5027) Local variable "dt" is assigned but never used
C:\Users\user\Documents\GitHub\SamudraManthanam-h2431-49052\Corpus_builder\PSRCBuilder\.\dcu\TextU.pas(695,3) Note: (5027) Local variable "dt" is assigned but never used
C:\Users\user\Documents\GitHub\SamudraManthanam-h2431-49052\Corpus_builder\PSRCBuilder\.\dcu\TextU.pas(899,2) Note: (5025) Local variable "i" not used
C:\Users\user\Documents\GitHub\SamudraManthanam-h2431-49052\Corpus_builder\PSRCBuilder\.\dcu\TextU.pas(967,23) Warning: (5043) Symbol "DecimalSeparator" is deprecated
C:\Users\user\Documents\GitHub\SamudraManthanam-h2431-49052\Corpus_builder\PSRCBuilder\.\dcu\TextU.pas(968,18) Warning: (5043) Symbol "DecimalSeparator" is deprecated
C:\Users\user\Documents\GitHub\SamudraManthanam-h2431-49052\Corpus_builder\PSRCBuilder\.\dcu\TextU.pas(976,20) Warning: (5043) Symbol "DecimalSeparator" is deprecated
C:\Users\user\Documents\GitHub\SamudraManthanam-h2431-49052\Corpus_builder\PSRCBuilder\.\dcu\TextU.pas(983,18) Warning: (5043) Symbol "DecimalSeparator" is deprecated
C:\Users\user\Documents\GitHub\SamudraManthanam-h2431-49052\Corpus_builder\PSRCBuilder\.\dcu\TextU.pas(1045,14) Warning: (4104) Implicit string type conversion from "RawByteString" to "WideString"
C:\Users\user\Documents\GitHub\SamudraManthanam-h2431-49052\Corpus_builder\PSRCBuilder\.\dcu\TextU.pas(1082,5) Warning: (4105) Implicit string type conversion with potential data loss from "WideString" to "AnsiString"
C:\Users\user\Documents\GitHub\SamudraManthanam-h2431-49052\Corpus_builder\PSRCBuilder\.\dcu\TextU.pas(1086,11) Warning: (4104) Implicit string type conversion from "AnsiString" to "WideString"
C:\Users\user\Documents\GitHub\SamudraManthanam-h2431-49052\Corpus_builder\PSRCBuilder\.\dcu\TextU.pas(1090,10) Warning: (4104) Implicit string type conversion from "AnsiString" to "WideString"
C:\Users\user\Documents\GitHub\SamudraManthanam-h2431-49052\Corpus_builder\PSRCBuilder\.\dcu\TextU.pas(1092,10) Warning: (4104) Implicit string type conversion from "AnsiString" to "WideString"
C:\Users\user\Documents\GitHub\SamudraManthanam-h2431-49052\Corpus_builder\PSRCBuilder\.\dcu\TextU.pas(1166,10) Warning: (5033) Function result does not seem to be set
C:\Users\user\Documents\GitHub\SamudraManthanam-h2431-49052\Corpus_builder\PSRCBuilder\.\dcu\TextU.pas(1224,20) Hint: (5024) Parameter "c" not used
C:\Users\user\Documents\GitHub\SamudraManthanam-h2431-49052\Corpus_builder\PSRCBuilder\.\dcu\TextU.pas(1295,16) Hint: (5091) Local variable "Arr1" of a managed type does not seem to be initialized
C:\Users\user\Documents\GitHub\SamudraManthanam-h2431-49052\Corpus_builder\PSRCBuilder\.\dcu\TextU.pas(1297,16) Hint: (5091) Local variable "Arr2" of a managed type does not seem to be initialized
C:\Users\user\Documents\GitHub\SamudraManthanam-h2431-49052\Corpus_builder\PSRCBuilder\.\dcu\TextU.pas(1312,47) Warning: (5089) Local variable "NilSstr" of a managed type does not seem to be initialized
C:\Users\user\Documents\GitHub\SamudraManthanam-h2431-49052\Corpus_builder\PSRCBuilder\.\dcu\TextU.pas(1317,10) Warning: (5033) Function result does not seem to be set
C:\Users\user\Documents\GitHub\SamudraManthanam-h2431-49052\Corpus_builder\PSRCBuilder\fCheckDialog.pas(135,139) Warning: (5089) Local variable "S_N_Prev" of a managed type does not seem to be initialized
C:\Users\user\Documents\GitHub\SamudraManthanam-h2431-49052\Corpus_builder\PSRCBuilder\fCheckDialog.pas(105,2) Note: (5027) Local variable "N_Prev" is assigned but never used
C:\Users\user\Documents\GitHub\SamudraManthanam-h2431-49052\Corpus_builder\PSRCBuilder\fCheckDialog.pas(200,2) Note: (5025) Local variable "N_Shl" not used
C:\Users\user\Documents\GitHub\SamudraManthanam-h2431-49052\Corpus_builder\PSRCBuilder\fCheckDialog.pas(23,26) Hint: (5024) Parameter "Sender" not used
C:\Users\user\Documents\GitHub\SamudraManthanam-h2431-49052\Corpus_builder\PSRCBuilder\fCheckDialog.pas(24,27) Hint: (5024) Parameter "Sender" not used
(3104) Compiling uMhHTML.pas
(3104) Compiling .\dcu\myutils.pas
(3104) Compiling .\dcu\mytypes.pas
C:\Users\user\Documents\GitHub\SamudraManthanam-h2431-49052\Corpus_builder\PSRCBuilder\.\dcu\myutils.pas(76,11) Warning: (4104) Implicit string type conversion from "AnsiString" to "WideString"
C:\Users\user\Documents\GitHub\SamudraManthanam-h2431-49052\Corpus_builder\PSRCBuilder\.\dcu\myutils.pas(86,12) Warning: (4104) Implicit string type conversion from "AnsiString" to "WideString"
C:\Users\user\Documents\GitHub\SamudraManthanam-h2431-49052\Corpus_builder\PSRCBuilder\.\dcu\myutils.pas(212,16) Hint: (5091) Local variable "Arr2" of a managed type does not seem to be initialized
C:\Users\user\Documents\GitHub\SamudraManthanam-h2431-49052\Corpus_builder\PSRCBuilder\.\dcu\myutils.pas(213,15) Hint: (5091) Local variable "Mem" of a managed type does not seem to be initialized
C:\Users\user\Documents\GitHub\SamudraManthanam-h2431-49052\Corpus_builder\PSRCBuilder\uMhHTML.pas(329,35) Warning: (4105) Implicit string type conversion with potential data loss from "WideString" to "AnsiString"
C:\Users\user\Documents\GitHub\SamudraManthanam-h2431-49052\Corpus_builder\PSRCBuilder\uMhHTML.pas(329,16) Warning: (4104) Implicit string type conversion from "AnsiString" to "WideString"
C:\Users\user\Documents\GitHub\SamudraManthanam-h2431-49052\Corpus_builder\PSRCBuilder\uMhHTML.pas(338,30) Warning: (4105) Implicit string type conversion with potential data loss from "WideString" to "RawByteString"
C:\Users\user\Documents\GitHub\SamudraManthanam-h2431-49052\Corpus_builder\PSRCBuilder\uMhHTML.pas(343,22) Warning: (4104) Implicit string type conversion from "AnsiString" to "WideString"
C:\Users\user\Documents\GitHub\SamudraManthanam-h2431-49052\Corpus_builder\PSRCBuilder\uMhHTML.pas(350,21) Warning: (4104) Implicit string type conversion from "AnsiString" to "WideString"
C:\Users\user\Documents\GitHub\SamudraManthanam-h2431-49052\Corpus_builder\PSRCBuilder\uMhHTML.pas(358,29) Warning: (4105) Implicit string type conversion with potential data loss from "WideChar" to "ShortString"
C:\Users\user\Documents\GitHub\SamudraManthanam-h2431-49052\Corpus_builder\PSRCBuilder\uMhHTML.pas(375,85) Warning: (4104) Implicit string type conversion from "AnsiString" to "WideString"
C:\Users\user\Documents\GitHub\SamudraManthanam-h2431-49052\Corpus_builder\PSRCBuilder\uMhHTML.pas(376,83) Warning: (4104) Implicit string type conversion from "AnsiString" to "WideString"
C:\Users\user\Documents\GitHub\SamudraManthanam-h2431-49052\Corpus_builder\PSRCBuilder\uMhHTML.pas(377,75) Warning: (4104) Implicit string type conversion from "AnsiString" to "WideString"
C:\Users\user\Documents\GitHub\SamudraManthanam-h2431-49052\Corpus_builder\PSRCBuilder\uMhHTML.pas(381,45) Warning: (4104) Implicit string type conversion from "AnsiString" to "WideString"
C:\Users\user\Documents\GitHub\SamudraManthanam-h2431-49052\Corpus_builder\PSRCBuilder\uMhHTML.pas(381,78) Warning: (4104) Implicit string type conversion from "AnsiString" to "WideString"
C:\Users\user\Documents\GitHub\SamudraManthanam-h2431-49052\Corpus_builder\PSRCBuilder\uMhHTML.pas(383,100) Warning: (4105) Implicit string type conversion with potential data loss from "WideString" to "AnsiString"
C:\Users\user\Documents\GitHub\SamudraManthanam-h2431-49052\Corpus_builder\PSRCBuilder\uMhHTML.pas(383,87) Warning: (4105) Implicit string type conversion with potential data loss from "WideString" to "AnsiString"
C:\Users\user\Documents\GitHub\SamudraManthanam-h2431-49052\Corpus_builder\PSRCBuilder\uMhHTML.pas(383,77) Warning: (4105) Implicit string type conversion with potential data loss from "WideString" to "AnsiString"
C:\Users\user\Documents\GitHub\SamudraManthanam-h2431-49052\Corpus_builder\PSRCBuilder\uMhHTML.pas(383,58) Warning: (4104) Implicit string type conversion from "AnsiString" to "WideString"
C:\Users\user\Documents\GitHub\SamudraManthanam-h2431-49052\Corpus_builder\PSRCBuilder\uMhHTML.pas(389,60) Warning: (4105) Implicit string type conversion with potential data loss from "WideString" to "AnsiString"
C:\Users\user\Documents\GitHub\SamudraManthanam-h2431-49052\Corpus_builder\PSRCBuilder\uMhHTML.pas(389,47) Warning: (4105) Implicit string type conversion with potential data loss from "WideString" to "AnsiString"
C:\Users\user\Documents\GitHub\SamudraManthanam-h2431-49052\Corpus_builder\PSRCBuilder\uMhHTML.pas(389,37) Warning: (4105) Implicit string type conversion with potential data loss from "WideString" to "AnsiString"
C:\Users\user\Documents\GitHub\SamudraManthanam-h2431-49052\Corpus_builder\PSRCBuilder\uMhHTML.pas(389,18) Warning: (4104) Implicit string type conversion from "AnsiString" to "WideString"
C:\Users\user\Documents\GitHub\SamudraManthanam-h2431-49052\Corpus_builder\PSRCBuilder\uMhHTML.pas(317,6) Note: (5027) Local variable "v" is assigned but never used
C:\Users\user\Documents\GitHub\SamudraManthanam-h2431-49052\Corpus_builder\PSRCBuilder\uMhHTML.pas(324,2) Note: (5027) Local variable "AnsiText" is assigned but never used
C:\Users\user\Documents\GitHub\SamudraManthanam-h2431-49052\Corpus_builder\PSRCBuilder\uMhHTML.pas(437,2) Note: (5027) Local variable "BookNameForCitation" is assigned but never used
C:\Users\user\Documents\GitHub\SamudraManthanam-h2431-49052\Corpus_builder\PSRCBuilder\uMhHTML.pas(535,105) Hint: (5091) Local variable "ErrStr" of a managed type does not seem to be initialized
C:\Users\user\Documents\GitHub\SamudraManthanam-h2431-49052\Corpus_builder\PSRCBuilder\uMhHTML.pas(621,25) Warning: (4105) Implicit string type conversion with potential data loss from "WideString" to "RawByteString"
C:\Users\user\Documents\GitHub\SamudraManthanam-h2431-49052\Corpus_builder\PSRCBuilder\uMhHTML.pas(623,62) Hint: (5091) Local variable "p3" of a managed type does not seem to be initialized
C:\Users\user\Documents\GitHub\SamudraManthanam-h2431-49052\Corpus_builder\PSRCBuilder\uMhHTML.pas(623,59) Hint: (5091) Local variable "p2" of a managed type does not seem to be initialized
C:\Users\user\Documents\GitHub\SamudraManthanam-h2431-49052\Corpus_builder\PSRCBuilder\uMhHTML.pas(623,56) Hint: (5091) Local variable "p1" of a managed type does not seem to be initialized
C:\Users\user\Documents\GitHub\SamudraManthanam-h2431-49052\Corpus_builder\PSRCBuilder\uMhHTML.pas(657,31) Warning: (5036) Local variable "RusPage" does not seem to be initialized
C:\Users\user\Documents\GitHub\SamudraManthanam-h2431-49052\Corpus_builder\PSRCBuilder\uMhHTML.pas(674,19) Warning: (4104) Implicit string type conversion from "AnsiString" to "WideString"
C:\Users\user\Documents\GitHub\SamudraManthanam-h2431-49052\Corpus_builder\PSRCBuilder\uMhHTML.pas(681,19) Warning: (4104) Implicit string type conversion from "AnsiString" to "WideString"
C:\Users\user\Documents\GitHub\SamudraManthanam-h2431-49052\Corpus_builder\PSRCBuilder\uMhHTML.pas(592,11) Note: (5025) Local variable "S_Nm" not used
C:\Users\user\Documents\GitHub\SamudraManthanam-h2431-49052\Corpus_builder\PSRCBuilder\uMhHTML.pas(593,2) Note: (5025) Local variable "S" not used
C:\Users\user\Documents\GitHub\SamudraManthanam-h2431-49052\Corpus_builder\PSRCBuilder\uMhHTML.pas(595,4) Note: (5025) Local variable "j" not used
C:\Users\user\Documents\GitHub\SamudraManthanam-h2431-49052\Corpus_builder\PSRCBuilder\uMhHTML.pas(595,7) Note: (5025) Local variable "ErrCode" not used
C:\Users\user\Documents\GitHub\SamudraManthanam-h2431-49052\Corpus_builder\PSRCBuilder\uMhHTML.pas(598,2) Note: (5027) Local variable "CurShloka" is assigned but never used
C:\Users\user\Documents\GitHub\SamudraManthanam-h2431-49052\Corpus_builder\PSRCBuilder\uMhHTML.pas(817,11) Warning: (4105) Implicit string type conversion with potential data loss from "WideString" to "AnsiString"
C:\Users\user\Documents\GitHub\SamudraManthanam-h2431-49052\Corpus_builder\PSRCBuilder\uMhHTML.pas(828,7) Warning: (5036) Local variable "P1" does not seem to be initialized
C:\Users\user\Documents\GitHub\SamudraManthanam-h2431-49052\Corpus_builder\PSRCBuilder\uMhHTML.pas(829,10) Warning: (5036) Local variable "P2" does not seem to be initialized
C:\Users\user\Documents\GitHub\SamudraManthanam-h2431-49052\Corpus_builder\PSRCBuilder\uMhHTML.pas(831,33) Warning: (5036) Local variable "P3" does not seem to be initialized
C:\Users\user\Documents\GitHub\SamudraManthanam-h2431-49052\Corpus_builder\PSRCBuilder\uMhHTML.pas(797,2) Note: (5027) Local variable "S_N" is assigned but never used
C:\Users\user\Documents\GitHub\SamudraManthanam-h2431-49052\Corpus_builder\PSRCBuilder\uMhHTML.pas(799,6) Note: (5025) Local variable "S_W0" not used
C:\Users\user\Documents\GitHub\SamudraManthanam-h2431-49052\Corpus_builder\PSRCBuilder\uMhHTML.pas(868,55) Warning: (4105) Implicit string type conversion with potential data loss from "WideString" to "RawByteString"
C:\Users\user\Documents\GitHub\SamudraManthanam-h2431-49052\Corpus_builder\PSRCBuilder\uMhHTML.pas(873,54) Warning: (4105) Implicit string type conversion with potential data loss from "WideString" to "RawByteString"
C:\Users\user\Documents\GitHub\SamudraManthanam-h2431-49052\Corpus_builder\PSRCBuilder\uMhHTML.pas(910,18) Warning: (4105) Implicit string type conversion with potential data loss from "WideString" to "AnsiString"
C:\Users\user\Documents\GitHub\SamudraManthanam-h2431-49052\Corpus_builder\PSRCBuilder\uMhHTML.pas(902,2) Note: (5025) Local variable "i" not used
C:\Users\user\Documents\GitHub\SamudraManthanam-h2431-49052\Corpus_builder\PSRCBuilder\uMhHTML.pas(955,25) Warning: (4105) Implicit string type conversion with potential data loss from "WideString" to "RawByteString"
C:\Users\user\Documents\GitHub\SamudraManthanam-h2431-49052\Corpus_builder\PSRCBuilder\uMhHTML.pas(964,32) Warning: (5089) Local variable "GlavaText" of a managed type does not seem to be initialized
C:\Users\user\Documents\GitHub\SamudraManthanam-h2431-49052\Corpus_builder\PSRCBuilder\uMhHTML.pas(978,9) Warning: (5089) Local variable "PrevSlokaText" of a managed type does not seem to be initialized
C:\Users\user\Documents\GitHub\SamudraManthanam-h2431-49052\Corpus_builder\PSRCBuilder\uMhHTML.pas(983,9) Warning: (5089) Local variable "UvacaText" of a managed type does not seem to be initialized
C:\Users\user\Documents\GitHub\SamudraManthanam-h2431-49052\Corpus_builder\PSRCBuilder\uMhHTML.pas(1013,34) Hint: (4047) The left operand of the IN operator should be byte sized
C:\Users\user\Documents\GitHub\SamudraManthanam-h2431-49052\Corpus_builder\PSRCBuilder\uMhHTML.pas(1013,65) Hint: (4047) The left operand of the IN operator should be byte sized
C:\Users\user\Documents\GitHub\SamudraManthanam-h2431-49052\Corpus_builder\PSRCBuilder\uMhHTML.pas(1041,102) Warning: (4105) Implicit string type conversion with potential data loss from "WideChar" to "RawByteString"
C:\Users\user\Documents\GitHub\SamudraManthanam-h2431-49052\Corpus_builder\PSRCBuilder\uMhHTML.pas(926,2) Note: (5025) Local variable "S" not used
C:\Users\user\Documents\GitHub\SamudraManthanam-h2431-49052\Corpus_builder\PSRCBuilder\uMhHTML.pas(928,4) Note: (5025) Local variable "j" not used
C:\Users\user\Documents\GitHub\SamudraManthanam-h2431-49052\Corpus_builder\PSRCBuilder\uMhHTML.pas(1008,6) Note: (6058) Call to subroutine "function AnsiCompareStr(const S1:AnsiString;const S2:AnsiString):LongInt;" marked as inline is not inlined
C:\Users\user\Documents\GitHub\SamudraManthanam-h2431-49052\Corpus_builder\PSRCBuilder\uMhHTML.pas(1105,25) Warning: (4105) Implicit string type conversion with potential data loss from "WideString" to "RawByteString"
C:\Users\user\Documents\GitHub\SamudraManthanam-h2431-49052\Corpus_builder\PSRCBuilder\uMhHTML.pas(1113,33) Warning: (5089) Local variable "GlavaText" of a managed type does not seem to be initialized
C:\Users\user\Documents\GitHub\SamudraManthanam-h2431-49052\Corpus_builder\PSRCBuilder\uMhHTML.pas(1115,32) Warning: (5036) Local variable "RusPage" does not seem to be initialized
C:\Users\user\Documents\GitHub\SamudraManthanam-h2431-49052\Corpus_builder\PSRCBuilder\uMhHTML.pas(1124,9) Warning: (5089) Local variable "PrevSlokaText" of a managed type does not seem to be initialized
C:\Users\user\Documents\GitHub\SamudraManthanam-h2431-49052\Corpus_builder\PSRCBuilder\uMhHTML.pas(1129,9) Warning: (5089) Local variable "UvacaText" of a managed type does not seem to be initialized
C:\Users\user\Documents\GitHub\SamudraManthanam-h2431-49052\Corpus_builder\PSRCBuilder\uMhHTML.pas(1158,34) Hint: (4047) The left operand of the IN operator should be byte sized
C:\Users\user\Documents\GitHub\SamudraManthanam-h2431-49052\Corpus_builder\PSRCBuilder\uMhHTML.pas(1158,65) Hint: (4047) The left operand of the IN operator should be byte sized
C:\Users\user\Documents\GitHub\SamudraManthanam-h2431-49052\Corpus_builder\PSRCBuilder\uMhHTML.pas(1185,69) Warning: (4105) Implicit string type conversion with potential data loss from "WideChar" to "RawByteString"
C:\Users\user\Documents\GitHub\SamudraManthanam-h2431-49052\Corpus_builder\PSRCBuilder\uMhHTML.pas(1087,2) Note: (5025) Local variable "S" not used
C:\Users\user\Documents\GitHub\SamudraManthanam-h2431-49052\Corpus_builder\PSRCBuilder\uMhHTML.pas(1089,4) Note: (5025) Local variable "j" not used
C:\Users\user\Documents\GitHub\SamudraManthanam-h2431-49052\Corpus_builder\PSRCBuilder\uMhHTML.pas(1153,6) Note: (6058) Call to subroutine "function AnsiCompareStr(const S1:AnsiString;const S2:AnsiString):LongInt;" marked as inline is not inlined
C:\Users\user\Documents\GitHub\SamudraManthanam-h2431-49052\Corpus_builder\PSRCBuilder\uMhHTML.pas(1229,31) Warning: (4105) Implicit string type conversion with potential data loss from "WideString" to "AnsiString"
C:\Users\user\Documents\GitHub\SamudraManthanam-h2431-49052\Corpus_builder\PSRCBuilder\uMhHTML.pas(1229,12) Warning: (4104) Implicit string type conversion from "AnsiString" to "WideString"
C:\Users\user\Documents\GitHub\SamudraManthanam-h2431-49052\Corpus_builder\PSRCBuilder\uMhHTML.pas(1317,23) Hint: (5091) Local variable "CommentUsed" of a managed type does not seem to be initialized
C:\Users\user\Documents\GitHub\SamudraManthanam-h2431-49052\Corpus_builder\PSRCBuilder\uMhHTML.pas(1319,24) Hint: (5091) Local variable "FootnoteUsed" of a managed type does not seem to be initialized
C:\Users\user\Documents\GitHub\SamudraManthanam-h2431-49052\Corpus_builder\PSRCBuilder\uMhHTML.pas(1357,72) Warning: (4104) Implicit string type conversion from "AnsiString" to "WideString"
C:\Users\user\Documents\GitHub\SamudraManthanam-h2431-49052\Corpus_builder\PSRCBuilder\uMhHTML.pas(1358,75) Warning: (4104) Implicit string type conversion from "RawByteString" to "WideString"
C:\Users\user\Documents\GitHub\SamudraManthanam-h2431-49052\Corpus_builder\PSRCBuilder\uMhHTML.pas(1358,91) Warning: (4104) Implicit string type conversion from "AnsiString" to "WideString"
C:\Users\user\Documents\GitHub\SamudraManthanam-h2431-49052\Corpus_builder\PSRCBuilder\uMhHTML.pas(1370,59) Hint: (5091) Local variable "ErrStr" of a managed type does not seem to be initialized
C:\Users\user\Documents\GitHub\SamudraManthanam-h2431-49052\Corpus_builder\PSRCBuilder\uMhHTML.pas(1391,34) Warning: (4105) Implicit string type conversion with potential data loss from "WideString" to "RawByteString"
C:\Users\user\Documents\GitHub\SamudraManthanam-h2431-49052\Corpus_builder\PSRCBuilder\uMhHTML.pas(1396,36) Warning: (4105) Implicit string type conversion with potential data loss from "WideString" to "RawByteString"
C:\Users\user\Documents\GitHub\SamudraManthanam-h2431-49052\Corpus_builder\PSRCBuilder\uMhHTML.pas(1453,98) Warning: (4104) Implicit string type conversion from "AnsiString" to "WideString"
C:\Users\user\Documents\GitHub\SamudraManthanam-h2431-49052\Corpus_builder\PSRCBuilder\uMhHTML.pas(1453,63) Warning: (4104) Implicit string type conversion from "AnsiString" to "WideString"
C:\Users\user\Documents\GitHub\SamudraManthanam-h2431-49052\Corpus_builder\PSRCBuilder\uMhHTML.pas(1468,84) Warning: (4105) Implicit string type conversion with potential data loss from "WideString" to "RawByteString"
C:\Users\user\Documents\GitHub\SamudraManthanam-h2431-49052\Corpus_builder\PSRCBuilder\uMhHTML.pas(1468,285) Warning: (4105) Implicit string type conversion with potential data loss from "WideString" to "RawByteString"
C:\Users\user\Documents\GitHub\SamudraManthanam-h2431-49052\Corpus_builder\PSRCBuilder\uMhHTML.pas(1237,2) Note: (5025) Local variable "F1" not used
C:\Users\user\Documents\GitHub\SamudraManthanam-h2431-49052\Corpus_builder\PSRCBuilder\uMhHTML.pas(1239,8) Note: (5025) Local variable "l" not used
C:\Users\user\Documents\GitHub\SamudraManthanam-h2431-49052\Corpus_builder\PSRCBuilder\uMhHTML.pas(1245,2) Note: (5027) Local variable "S_ansi" is assigned but never used
C:\Users\user\Documents\GitHub\SamudraManthanam-h2431-49052\Corpus_builder\PSRCBuilder\uMhHTML.pas(1514,43) Warning: (4104) Implicit string type conversion from "AnsiString" to "WideString"
C:\Users\user\Documents\GitHub\SamudraManthanam-h2431-49052\Corpus_builder\PSRCBuilder\uMhHTML.pas(1486,2) Note: (5025) Local variable "S_W" not used
C:\Users\user\Documents\GitHub\SamudraManthanam-h2431-49052\Corpus_builder\PSRCBuilder\uMhHTML.pas(1525,9) Note: (5025) Local variable "NShlMax" not used
C:\Users\user\Documents\GitHub\SamudraManthanam-h2431-49052\Corpus_builder\PSRCBuilder\uMhHTML.pas(1582,23) Warning: (4105) Implicit string type conversion with potential data loss from "WideString" to "RawByteString"
C:\Users\user\Documents\GitHub\SamudraManthanam-h2431-49052\Corpus_builder\PSRCBuilder\uMhHTML.pas(1588,52) Hint: (5057) Local variable "N2" does not seem to be initialized
C:\Users\user\Documents\GitHub\SamudraManthanam-h2431-49052\Corpus_builder\PSRCBuilder\uMhHTML.pas(1588,49) Hint: (5057) Local variable "N1" does not seem to be initialized
C:\Users\user\Documents\GitHub\SamudraManthanam-h2431-49052\Corpus_builder\PSRCBuilder\uMhHTML.pas(1592,13) Warning: (4104) Implicit string type conversion from "AnsiString" to "WideString"
C:\Users\user\Documents\GitHub\SamudraManthanam-h2431-49052\Corpus_builder\PSRCBuilder\uMhHTML.pas(1593,13) Warning: (4104) Implicit string type conversion from "AnsiString" to "WideString"
C:\Users\user\Documents\GitHub\SamudraManthanam-h2431-49052\Corpus_builder\PSRCBuilder\uMhHTML.pas(1597,13) Warning: (4104) Implicit string type conversion from "AnsiString" to "WideString"
C:\Users\user\Documents\GitHub\SamudraManthanam-h2431-49052\Corpus_builder\PSRCBuilder\uMhHTML.pas(1598,13) Warning: (4104) Implicit string type conversion from "AnsiString" to "WideString"
C:\Users\user\Documents\GitHub\SamudraManthanam-h2431-49052\Corpus_builder\PSRCBuilder\uMhHTML.pas(1600,13) Warning: (4104) Implicit string type conversion from "AnsiString" to "WideString"
C:\Users\user\Documents\GitHub\SamudraManthanam-h2431-49052\Corpus_builder\PSRCBuilder\uMhHTML.pas(1601,13) Warning: (4104) Implicit string type conversion from "AnsiString" to "WideString"
C:\Users\user\Documents\GitHub\SamudraManthanam-h2431-49052\Corpus_builder\PSRCBuilder\uMhHTML.pas(1560,4) Note: (5025) Local variable "j" not used
C:\Users\user\Documents\GitHub\SamudraManthanam-h2431-49052\Corpus_builder\PSRCBuilder\uMhHTML.pas(1560,7) Note: (5025) Local variable "code" not used
C:\Users\user\Documents\GitHub\SamudraManthanam-h2431-49052\Corpus_builder\PSRCBuilder\uMhHTML.pas(1661,2) Note: (5027) Local variable "bNoN2" is assigned but never used
C:\Users\user\Documents\GitHub\SamudraManthanam-h2431-49052\Corpus_builder\PSRCBuilder\uMhHTML.pas(1685,2) Note: (5027) Local variable "Val1" is assigned but never used
C:\Users\user\Documents\GitHub\SamudraManthanam-h2431-49052\Corpus_builder\PSRCBuilder\uMhHTML.pas(1685,7) Note: (5027) Local variable "Val2" is assigned but never used
C:\Users\user\Documents\GitHub\SamudraManthanam-h2431-49052\Corpus_builder\PSRCBuilder\uMhHTML.pas(1754,25) Warning: (4105) Implicit string type conversion with potential data loss from "WideString" to "RawByteString"
C:\Users\user\Documents\GitHub\SamudraManthanam-h2431-49052\Corpus_builder\PSRCBuilder\uMhHTML.pas(1763,28) Warning: (4105) Implicit string type conversion with potential data loss from "WideString" to "AnsiString"
C:\Users\user\Documents\GitHub\SamudraManthanam-h2431-49052\Corpus_builder\PSRCBuilder\uMhHTML.pas(1765,32) Warning: (5036) Local variable "RusPage" does not seem to be initialized
C:\Users\user\Documents\GitHub\SamudraManthanam-h2431-49052\Corpus_builder\PSRCBuilder\uMhHTML.pas(1729,11) Note: (5025) Local variable "S_Nm" not used
C:\Users\user\Documents\GitHub\SamudraManthanam-h2431-49052\Corpus_builder\PSRCBuilder\uMhHTML.pas(1730,2) Note: (5025) Local variable "S" not used
C:\Users\user\Documents\GitHub\SamudraManthanam-h2431-49052\Corpus_builder\PSRCBuilder\uMhHTML.pas(1730,11) Note: (5027) Local variable "S_Ansi0" is assigned but never used
C:\Users\user\Documents\GitHub\SamudraManthanam-h2431-49052\Corpus_builder\PSRCBuilder\uMhHTML.pas(1732,4) Note: (5025) Local variable "j" not used
C:\Users\user\Documents\GitHub\SamudraManthanam-h2431-49052\Corpus_builder\PSRCBuilder\uMhHTML.pas(1732,7) Note: (5025) Local variable "ErrCode" not used
C:\Users\user\Documents\GitHub\SamudraManthanam-h2431-49052\Corpus_builder\PSRCBuilder\uMhHTML.pas(1733,2) Note: (5025) Local variable "bPrevStrIsPageNum" not used
C:\Users\user\Documents\GitHub\SamudraManthanam-h2431-49052\Corpus_builder\PSRCBuilder\uMhHTML.pas(1733,20) Note: (5025) Local variable "bPerenos" not used
C:\Users\user\Documents\GitHub\SamudraManthanam-h2431-49052\Corpus_builder\PSRCBuilder\uMhHTML.pas(1734,2) Note: (5025) Local variable "CurChapter" not used
C:\Users\user\Documents\GitHub\SamudraManthanam-h2431-49052\Corpus_builder\PSRCBuilder\uMhHTML.pas(1735,2) Note: (5025) Local variable "CurShloka" not used
C:\Users\user\Documents\GitHub\SamudraManthanam-h2431-49052\Corpus_builder\PSRCBuilder\uMhHTML.pas(1737,2) Note: (5025) Local variable "bFirstStringOfComment" not used
C:\Users\user\Documents\GitHub\SamudraManthanam-h2431-49052\Corpus_builder\PSRCBuilder\uMhHTML.pas(1738,2) Note: (5025) Local variable "p1" not used
C:\Users\user\Documents\GitHub\SamudraManthanam-h2431-49052\Corpus_builder\PSRCBuilder\uMhHTML.pas(1738,5) Note: (5025) Local variable "p2" not used
C:\Users\user\Documents\GitHub\SamudraManthanam-h2431-49052\Corpus_builder\PSRCBuilder\uMhHTML.pas(1738,8) Note: (5025) Local variable "p3" not used
C:\Users\user\Documents\GitHub\SamudraManthanam-h2431-49052\Corpus_builder\PSRCBuilder\uMhHTML.pas(1790,35) Warning: (4105) Implicit string type conversion with potential data loss from "WideString" to "AnsiString"
C:\Users\user\Documents\GitHub\SamudraManthanam-h2431-49052\Corpus_builder\PSRCBuilder\uMhHTML.pas(1790,16) Warning: (4104) Implicit string type conversion from "AnsiString" to "WideString"
C:\Users\user\Documents\GitHub\SamudraManthanam-h2431-49052\Corpus_builder\PSRCBuilder\uMhHTML.pas(1804,22) Warning: (4104) Implicit string type conversion from "AnsiString" to "WideString"
C:\Users\user\Documents\GitHub\SamudraManthanam-h2431-49052\Corpus_builder\PSRCBuilder\uMhHTML.pas(1811,21) Warning: (4104) Implicit string type conversion from "AnsiString" to "WideString"
C:\Users\user\Documents\GitHub\SamudraManthanam-h2431-49052\Corpus_builder\PSRCBuilder\uMhHTML.pas(1818,27) Warning: (4105) Implicit string type conversion with potential data loss from "WideChar" to "ShortString"
C:\Users\user\Documents\GitHub\SamudraManthanam-h2431-49052\Corpus_builder\PSRCBuilder\uMhHTML.pas(1823,40) Warning: (4105) Implicit string type conversion with potential data loss from "WideString" to "AnsiString"
C:\Users\user\Documents\GitHub\SamudraManthanam-h2431-49052\Corpus_builder\PSRCBuilder\uMhHTML.pas(1826,51) Warning: (4104) Implicit string type conversion from "AnsiString" to "WideString"
C:\Users\user\Documents\GitHub\SamudraManthanam-h2431-49052\Corpus_builder\PSRCBuilder\uMhHTML.pas(1831,60) Warning: (4105) Implicit string type conversion with potential data loss from "WideString" to "AnsiString"
C:\Users\user\Documents\GitHub\SamudraManthanam-h2431-49052\Corpus_builder\PSRCBuilder\uMhHTML.pas(1831,47) Warning: (4105) Implicit string type conversion with potential data loss from "WideString" to "AnsiString"
C:\Users\user\Documents\GitHub\SamudraManthanam-h2431-49052\Corpus_builder\PSRCBuilder\uMhHTML.pas(1831,37) Warning: (4105) Implicit string type conversion with potential data loss from "WideString" to "AnsiString"
C:\Users\user\Documents\GitHub\SamudraManthanam-h2431-49052\Corpus_builder\PSRCBuilder\uMhHTML.pas(1831,18) Warning: (4104) Implicit string type conversion from "AnsiString" to "WideString"
C:\Users\user\Documents\GitHub\SamudraManthanam-h2431-49052\Corpus_builder\PSRCBuilder\uMhHTML.pas(1777,6) Note: (5027) Local variable "v" is assigned but never used
C:\Users\user\Documents\GitHub\SamudraManthanam-h2431-49052\Corpus_builder\PSRCBuilder\uMhHTML.pas(1779,2) Note: (5027) Local variable "CurChapterNum" is assigned but never used
C:\Users\user\Documents\GitHub\SamudraManthanam-h2431-49052\Corpus_builder\PSRCBuilder\uMhHTML.pas(1779,16) Note: (5027) Local variable "CurSubChapterNum" is assigned but never used
C:\Users\user\Documents\GitHub\SamudraManthanam-h2431-49052\Corpus_builder\PSRCBuilder\uMhHTML.pas(1780,2) Note: (5027) Local variable "CurShlokaStr" is assigned but never used
C:\Users\user\Documents\GitHub\SamudraManthanam-h2431-49052\Corpus_builder\PSRCBuilder\uMhHTML.pas(1782,2) Note: (5025) Local variable "iAdd" not used
C:\Users\user\Documents\GitHub\SamudraManthanam-h2431-49052\Corpus_builder\PSRCBuilder\uMhHTML.pas(148,55) Hint: (5024) Parameter "RusPage1" not used
C:\Users\user\Documents\GitHub\SamudraManthanam-h2431-49052\Corpus_builder\PSRCBuilder\uMhHTML.pas(148,64) Hint: (5024) Parameter "RusPage2" not used
C:\Users\user\Documents\GitHub\SamudraManthanam-h2431-49052\Corpus_builder\PSRCBuilder\uMhHTML.pas(1922,10) Warning: (4104) Implicit string type conversion from "RawByteString" to "WideString"
C:\Users\user\Documents\GitHub\SamudraManthanam-h2431-49052\Corpus_builder\PSRCBuilder\uMhHTML.pas(109,3) Note: (5029) Private field "TMhHTMLBuilder.ChapterNames" is never used
C:\Users\user\Documents\GitHub\SamudraManthanam-h2431-49052\Corpus_builder\PSRCBuilder\uMhHTML.pas(113,22) Note: (5029) Private field "TMhHTMLBuilder.CurSubChapter" is never used
C:\Users\user\Documents\GitHub\SamudraManthanam-h2431-49052\Corpus_builder\PSRCBuilder\fMainForm.pas(147,47) Warning: (4105) Implicit string type conversion with potential data loss from "WideString" to "AnsiString"
C:\Users\user\Documents\GitHub\SamudraManthanam-h2431-49052\Corpus_builder\PSRCBuilder\fMainForm.pas(148,47) Warning: (4105) Implicit string type conversion with potential data loss from "WideString" to "AnsiString"
C:\Users\user\Documents\GitHub\SamudraManthanam-h2431-49052\Corpus_builder\PSRCBuilder\fMainForm.pas(149,47) Warning: (4105) Implicit string type conversion with potential data loss from "WideString" to "AnsiString"
C:\Users\user\Documents\GitHub\SamudraManthanam-h2431-49052\Corpus_builder\PSRCBuilder\fMainForm.pas(150,47) Warning: (4105) Implicit string type conversion with potential data loss from "WideString" to "AnsiString"
C:\Users\user\Documents\GitHub\SamudraManthanam-h2431-49052\Corpus_builder\PSRCBuilder\fMainForm.pas(165,65) Warning: (4104) Implicit string type conversion from "RawByteString" to "WideString"
C:\Users\user\Documents\GitHub\SamudraManthanam-h2431-49052\Corpus_builder\PSRCBuilder\fMainForm.pas(167,28) Warning: (4105) Implicit string type conversion with potential data loss from "WideString" to "RawByteString"
C:\Users\user\Documents\GitHub\SamudraManthanam-h2431-49052\Corpus_builder\PSRCBuilder\fMainForm.pas(172,18) Warning: (4104) Implicit string type conversion from "RawByteString" to "WideString"
C:\Users\user\Documents\GitHub\SamudraManthanam-h2431-49052\Corpus_builder\PSRCBuilder\fMainForm.pas(173,33) Warning: (4104) Implicit string type conversion from "AnsiString" to "WideString"
C:\Users\user\Documents\GitHub\SamudraManthanam-h2431-49052\Corpus_builder\PSRCBuilder\fMainForm.pas(27,23) Hint: (5024) Parameter "Sender" not used
C:\Users\user\Documents\GitHub\SamudraManthanam-h2431-49052\Corpus_builder\PSRCBuilder\fMainForm.pas(28,24) Hint: (5024) Parameter "Sender" not used
C:\Users\user\Documents\GitHub\SamudraManthanam-h2431-49052\Corpus_builder\PSRCBuilder\fMainForm.pas(29,23) Hint: (5024) Parameter "Sender" not used
C:\Users\user\Documents\GitHub\SamudraManthanam-h2431-49052\Corpus_builder\PSRCBuilder\fMainForm.pas(30,23) Hint: (5024) Parameter "Sender" not used
C:\Users\user\Documents\GitHub\SamudraManthanam-h2431-49052\Corpus_builder\PSRCBuilder\fMainForm.pas(31,23) Hint: (5024) Parameter "Sender" not used
C:\Users\user\Documents\GitHub\SamudraManthanam-h2431-49052\Corpus_builder\PSRCBuilder\fMainForm.pas(32,23) Hint: (5024) Parameter "Sender" not used
C:\Users\user\Documents\GitHub\SamudraManthanam-h2431-49052\Corpus_builder\PSRCBuilder\fMainForm.pas(33,24) Hint: (5024) Parameter "Sender" not used
C:\Users\user\Documents\GitHub\SamudraManthanam-h2431-49052\Corpus_builder\PSRCBuilder\fMainForm.pas(34,24) Hint: (5024) Parameter "Sender" not used
C:\Users\user\Documents\GitHub\SamudraManthanam-h2431-49052\Corpus_builder\PSRCBuilder\fMainForm.pas(35,24) Hint: (5024) Parameter "Sender" not used
C:\Users\user\Documents\GitHub\SamudraManthanam-h2431-49052\Corpus_builder\PSRCBuilder\fMainForm.pas(434,18) Warning: (4105) Implicit string type conversion with potential data loss from "WideString" to "RawByteString"
C:\Users\user\Documents\GitHub\SamudraManthanam-h2431-49052\Corpus_builder\PSRCBuilder\fMainForm.pas(36,36) Hint: (5024) Parameter "Sender" not used
C:\Users\user\Documents\GitHub\SamudraManthanam-h2431-49052\Corpus_builder\PSRCBuilder\fMainForm.pas(37,24) Hint: (5024) Parameter "Sender" not used
C:\Users\user\Documents\GitHub\SamudraManthanam-h2431-49052\Corpus_builder\PSRCBuilder\fMainForm.pas(38,24) Hint: (5024) Parameter "Sender" not used
C:\Users\user\Documents\GitHub\SamudraManthanam-h2431-49052\Corpus_builder\PSRCBuilder\fMainForm.pas(552,2) Note: (5025) Local variable "i" not used
C:\Users\user\Documents\GitHub\SamudraManthanam-h2431-49052\Corpus_builder\PSRCBuilder\fMainForm.pas(39,24) Hint: (5024) Parameter "Sender" not used
C:\Users\user\Documents\GitHub\SamudraManthanam-h2431-49052\Corpus_builder\PSRCBuilder\fMainForm.pas(582,5) Note: (5025) Local variable "FT" not used
C:\Users\user\Documents\GitHub\SamudraManthanam-h2431-49052\Corpus_builder\PSRCBuilder\fMainForm.pas(40,24) Hint: (5024) Parameter "Sender" not used
C:\Users\user\Documents\GitHub\SamudraManthanam-h2431-49052\Corpus_builder\PSRCBuilder\fMainForm.pas(41,24) Hint: (5024) Parameter "Sender" not used
C:\Users\user\Documents\GitHub\SamudraManthanam-h2431-49052\Corpus_builder\PSRCBuilder\fMainForm.pas(42,30) Hint: (5024) Parameter "Sender" not used
C:\Users\user\Documents\GitHub\SamudraManthanam-h2431-49052\Corpus_builder\PSRCBuilder\fMainForm.pas(43,24) Hint: (5024) Parameter "Sender" not used
C:\Users\user\Documents\GitHub\SamudraManthanam-h2431-49052\Corpus_builder\PSRCBuilder\fMainForm.pas(44,24) Hint: (5024) Parameter "Sender" not used
C:\Users\user\Documents\GitHub\SamudraManthanam-h2431-49052\Corpus_builder\PSRCBuilder\fMainForm.pas(720,6) Warning: (4104) Implicit string type conversion from "RawByteString" to "WideString"
C:\Users\user\Documents\GitHub\SamudraManthanam-h2431-49052\Corpus_builder\PSRCBuilder\fMainForm.pas(721,6) Warning: (4104) Implicit string type conversion from "RawByteString" to "WideString"
C:\Users\user\Documents\GitHub\SamudraManthanam-h2431-49052\Corpus_builder\PSRCBuilder\fMainForm.pas(730,24) Warning: (4105) Implicit string type conversion with potential data loss from "WideString" to "RawByteString"
C:\Users\user\Documents\GitHub\SamudraManthanam-h2431-49052\Corpus_builder\PSRCBuilder\fMainForm.pas(735,173) Warning: (5089) Local variable "S_k1" of a managed type does not seem to be initialized
C:\Users\user\Documents\GitHub\SamudraManthanam-h2431-49052\Corpus_builder\PSRCBuilder\fMainForm.pas(744,174) Warning: (5089) Local variable "S_k2" of a managed type does not seem to be initialized
C:\Users\user\Documents\GitHub\SamudraManthanam-h2431-49052\Corpus_builder\PSRCBuilder\fMainForm.pas(711,4) Note: (5027) Local variable "S1" is assigned but never used
C:\Users\user\Documents\GitHub\SamudraManthanam-h2431-49052\Corpus_builder\PSRCBuilder\fMainForm.pas(711,7) Note: (5027) Local variable "S2" is assigned but never used
C:\Users\user\Documents\GitHub\SamudraManthanam-h2431-49052\Corpus_builder\PSRCBuilder\fMainForm.pas(45,24) Hint: (5024) Parameter "Sender" not used
C:\Users\user\Documents\GitHub\SamudraManthanam-h2431-49052\Corpus_builder\PSRCBuilder\fMainForm.pas(46,26) Hint: (5024) Parameter "Sender" not used
C:\Users\user\Documents\GitHub\SamudraManthanam-h2431-49052\Corpus_builder\PSRCBuilder\fMainForm.pas(791,2) Note: (5025) Local variable "Pos_Tire" not used
C:\Users\user\Documents\GitHub\SamudraManthanam-h2431-49052\Corpus_builder\PSRCBuilder\fMainForm.pas(47,25) Hint: (5024) Parameter "Sender" not used
C:\Users\user\Documents\GitHub\SamudraManthanam-h2431-49052\Corpus_builder\PSRCBuilder\fMainForm.pas(818,2) Note: (5025) Local variable "Pos_Tire" not used
C:\Users\user\Documents\GitHub\SamudraManthanam-h2431-49052\Corpus_builder\PSRCBuilder\fMainForm.pas(48,24) Hint: (5024) Parameter "Sender" not used
C:\Users\user\Documents\GitHub\SamudraManthanam-h2431-49052\Corpus_builder\PSRCBuilder\fMainForm.pas(49,24) Hint: (5024) Parameter "Sender" not used
C:\Users\user\Documents\GitHub\SamudraManthanam-h2431-49052\Corpus_builder\PSRCBuilder\fMainForm.pas(50,24) Hint: (5024) Parameter "Sender" not used
C:\Users\user\Documents\GitHub\SamudraManthanam-h2431-49052\Corpus_builder\PSRCBuilder\fMainForm.pas(51,39) Hint: (5024) Parameter "Sender" not used
C:\Users\user\Documents\GitHub\SamudraManthanam-h2431-49052\Corpus_builder\PSRCBuilder\fMainForm.pas(956,23) Hint: (5091) Local variable "ShlokasArr" of a managed type does not seem to be initialized
C:\Users\user\Documents\GitHub\SamudraManthanam-h2431-49052\Corpus_builder\PSRCBuilder\fMainForm.pas(52,26) Hint: (5024) Parameter "Sender" not used
C:\Users\user\Documents\GitHub\SamudraManthanam-h2431-49052\Corpus_builder\PSRCBuilder\fMainForm.pas(53,25) Hint: (5024) Parameter "Sender" not used
C:\Users\user\Documents\GitHub\SamudraManthanam-h2431-49052\Corpus_builder\PSRCBuilder\fMainForm.pas(1014,29) Warning: (4105) Implicit string type conversion with potential data loss from "WideString" to "AnsiString"
C:\Users\user\Documents\GitHub\SamudraManthanam-h2431-49052\Corpus_builder\PSRCBuilder\fMainForm.pas(1014,9) Warning: (4104) Implicit string type conversion from "AnsiString" to "WideString"
C:\Users\user\Documents\GitHub\SamudraManthanam-h2431-49052\Corpus_builder\PSRCBuilder\fMainForm.pas(1015,29) Warning: (4105) Implicit string type conversion with potential data loss from "WideString" to "AnsiString"
C:\Users\user\Documents\GitHub\SamudraManthanam-h2431-49052\Corpus_builder\PSRCBuilder\fMainForm.pas(1015,9) Warning: (4104) Implicit string type conversion from "AnsiString" to "WideString"
C:\Users\user\Documents\GitHub\SamudraManthanam-h2431-49052\Corpus_builder\PSRCBuilder\fMainForm.pas(1016,32) Warning: (4105) Implicit string type conversion with potential data loss from "WideString" to "AnsiString"
C:\Users\user\Documents\GitHub\SamudraManthanam-h2431-49052\Corpus_builder\PSRCBuilder\fMainForm.pas(1016,39) Warning: (4104) Implicit string type conversion from "AnsiString" to "WideString"
C:\Users\user\Documents\GitHub\SamudraManthanam-h2431-49052\Corpus_builder\PSRCBuilder\fMainForm.pas(54,24) Hint: (5024) Parameter "Sender" not used
C:\Users\user\Documents\GitHub\SamudraManthanam-h2431-49052\Corpus_builder\PSRCBuilder\fMainForm.pas(55,30) Hint: (5024) Parameter "Sender" not used
C:\Users\user\Documents\GitHub\SamudraManthanam-h2431-49052\Corpus_builder\PSRCBuilder\fMainForm.pas(1049,4) Note: (5025) Local variable "F2" not used
C:\Users\user\Documents\GitHub\SamudraManthanam-h2431-49052\Corpus_builder\PSRCBuilder\fMainForm.pas(56,26) Hint: (5024) Parameter "Sender" not used
C:\Users\user\Documents\GitHub\SamudraManthanam-h2431-49052\Corpus_builder\PSRCBuilder\fMainForm.pas(1060,14) Note: (5025) Local variable "S1" not used
C:\Users\user\Documents\GitHub\SamudraManthanam-h2431-49052\Corpus_builder\PSRCBuilder\fMainForm.pas(1060,17) Note: (5025) Local variable "S2" not used
C:\Users\user\Documents\GitHub\SamudraManthanam-h2431-49052\Corpus_builder\PSRCBuilder\fMainForm.pas(57,26) Hint: (5024) Parameter "Sender" not used
C:\Users\user\Documents\GitHub\SamudraManthanam-h2431-49052\Corpus_builder\PSRCBuilder\fMainForm.pas(58,26) Hint: (5024) Parameter "Sender" not used
C:\Users\user\Documents\GitHub\SamudraManthanam-h2431-49052\Corpus_builder\PSRCBuilder\fMainForm.pas(1109,73) Warning: (4105) Implicit string type conversion with potential data loss from "WideString" to "AnsiString"
C:\Users\user\Documents\GitHub\SamudraManthanam-h2431-49052\Corpus_builder\PSRCBuilder\fMainForm.pas(1109,60) Warning: (4105) Implicit string type conversion with potential data loss from "WideString" to "AnsiString"
C:\Users\user\Documents\GitHub\SamudraManthanam-h2431-49052\Corpus_builder\PSRCBuilder\fMainForm.pas(1109,51) Warning: (4105) Implicit string type conversion with potential data loss from "WideString" to "AnsiString"
C:\Users\user\Documents\GitHub\SamudraManthanam-h2431-49052\Corpus_builder\PSRCBuilder\fMainForm.pas(1109,36) Warning: (4104) Implicit string type conversion from "AnsiString" to "WideString"
C:\Users\user\Documents\GitHub\SamudraManthanam-h2431-49052\Corpus_builder\PSRCBuilder\fMainForm.pas(1110,73) Warning: (4105) Implicit string type conversion with potential data loss from "WideString" to "AnsiString"
C:\Users\user\Documents\GitHub\SamudraManthanam-h2431-49052\Corpus_builder\PSRCBuilder\fMainForm.pas(1110,60) Warning: (4105) Implicit string type conversion with potential data loss from "WideString" to "AnsiString"
C:\Users\user\Documents\GitHub\SamudraManthanam-h2431-49052\Corpus_builder\PSRCBuilder\fMainForm.pas(1110,51) Warning: (4105) Implicit string type conversion with potential data loss from "WideString" to "AnsiString"
C:\Users\user\Documents\GitHub\SamudraManthanam-h2431-49052\Corpus_builder\PSRCBuilder\fMainForm.pas(1110,36) Warning: (4104) Implicit string type conversion from "AnsiString" to "WideString"
C:\Users\user\Documents\GitHub\SamudraManthanam-h2431-49052\Corpus_builder\PSRCBuilder\fMainForm.pas(59,32) Hint: (5024) Parameter "Sender" not used
C:\Users\user\Documents\GitHub\SamudraManthanam-h2431-49052\Corpus_builder\PSRCBuilder\fMainForm.pas(60,46) Hint: (5024) Parameter "Sender" not used
C:\Users\user\Documents\GitHub\SamudraManthanam-h2431-49052\Corpus_builder\PSRCBuilder\fMainForm.pas(1170,21) Warning: (4105) Implicit string type conversion with potential data loss from "WideString" to "AnsiString"
C:\Users\user\Documents\GitHub\SamudraManthanam-h2431-49052\Corpus_builder\PSRCBuilder\fMainForm.pas(1173,18) Warning: (4104) Implicit string type conversion from "AnsiString" to "WideString"
C:\Users\user\Documents\GitHub\SamudraManthanam-h2431-49052\Corpus_builder\PSRCBuilder\fMainForm.pas(1173,21) Warning: (4105) Implicit string type conversion with potential data loss from "WideString" to "AnsiString"
C:\Users\user\Documents\GitHub\SamudraManthanam-h2431-49052\Corpus_builder\PSRCBuilder\fMainForm.pas(1149,2) Note: (5025) Local variable "i" not used
C:\Users\user\Documents\GitHub\SamudraManthanam-h2431-49052\Corpus_builder\PSRCBuilder\fMainForm.pas(61,24) Hint: (5024) Parameter "Sender" not used
C:\Users\user\Documents\GitHub\SamudraManthanam-h2431-49052\Corpus_builder\PSRCBuilder\fMainForm.pas(62,32) Hint: (5024) Parameter "Sender" not used
C:\Users\user\Documents\GitHub\SamudraManthanam-h2431-49052\Corpus_builder\PSRCBuilder\fMainForm.pas(1261,18) Hint: (5091) Local variable "SWArr" of a managed type does not seem to be initialized
C:\Users\user\Documents\GitHub\SamudraManthanam-h2431-49052\Corpus_builder\PSRCBuilder\fMainForm.pas(1262,17) Hint: (5091) Local variable "SArr" of a managed type does not seem to be initialized
C:\Users\user\Documents\GitHub\SamudraManthanam-h2431-49052\Corpus_builder\PSRCBuilder\fMainForm.pas(1264,28) Warning: (4105) Implicit string type conversion with potential data loss from "WideString" to "RawByteString"
C:\Users\user\Documents\GitHub\SamudraManthanam-h2431-49052\Corpus_builder\PSRCBuilder\fMainForm.pas(1277,6) Warning: (4105) Implicit string type conversion with potential data loss from "WideString" to "AnsiString"
C:\Users\user\Documents\GitHub\SamudraManthanam-h2431-49052\Corpus_builder\PSRCBuilder\fMainForm.pas(1293,33) Hint: (5091) Local variable "UvachaNumsArr" of a managed type does not seem to be initialized
C:\Users\user\Documents\GitHub\SamudraManthanam-h2431-49052\Corpus_builder\PSRCBuilder\fMainForm.pas(1240,4) Note: (5025) Local variable "k" not used
C:\Users\user\Documents\GitHub\SamudraManthanam-h2431-49052\Corpus_builder\PSRCBuilder\fMainForm.pas(1241,14) Note: (5027) Local variable "iBook" is assigned but never used
C:\Users\user\Documents\GitHub\SamudraManthanam-h2431-49052\Corpus_builder\PSRCBuilder\fMainForm.pas(1242,2) Note: (5025) Local variable "ShlokaOutputNum" not used
C:\Users\user\Documents\GitHub\SamudraManthanam-h2431-49052\Corpus_builder\PSRCBuilder\fMainForm.pas(1243,2) Note: (5025) Local variable "ShlokaOutputNum_Uvacha" not used
C:\Users\user\Documents\GitHub\SamudraManthanam-h2431-49052\Corpus_builder\PSRCBuilder\fMainForm.pas(1367,18) Hint: (5091) Local variable "SWArr" of a managed type does not seem to be initialized
C:\Users\user\Documents\GitHub\SamudraManthanam-h2431-49052\Corpus_builder\PSRCBuilder\fMainForm.pas(1368,17) Hint: (5091) Local variable "SArr" of a managed type does not seem to be initialized
C:\Users\user\Documents\GitHub\SamudraManthanam-h2431-49052\Corpus_builder\PSRCBuilder\fMainForm.pas(1370,28) Warning: (4105) Implicit string type conversion with potential data loss from "WideString" to "RawByteString"
C:\Users\user\Documents\GitHub\SamudraManthanam-h2431-49052\Corpus_builder\PSRCBuilder\fMainForm.pas(1381,6) Warning: (4105) Implicit string type conversion with potential data loss from "WideString" to "AnsiString"
C:\Users\user\Documents\GitHub\SamudraManthanam-h2431-49052\Corpus_builder\PSRCBuilder\fMainForm.pas(1392,15) Warning: (5036) Local variable "iShloka_old" does not seem to be initialized
C:\Users\user\Documents\GitHub\SamudraManthanam-h2431-49052\Corpus_builder\PSRCBuilder\fMainForm.pas(1355,2) Note: (5027) Local variable "iBook" is assigned but never used
C:\Users\user\Documents\GitHub\SamudraManthanam-h2431-49052\Corpus_builder\PSRCBuilder\fMainForm.pas(63,46) Hint: (5024) Parameter "Sender" not used
C:\Users\user\Documents\GitHub\SamudraManthanam-h2431-49052\Corpus_builder\PSRCBuilder\fMainForm.pas(1451,62) Warning: (4105) Implicit string type conversion with potential data loss from "WideString" to "AnsiString"
C:\Users\user\Documents\GitHub\SamudraManthanam-h2431-49052\Corpus_builder\PSRCBuilder\fMainForm.pas(1475,60) Warning: (4105) Implicit string type conversion with potential data loss from "WideString" to "AnsiString"
C:\Users\user\Documents\GitHub\SamudraManthanam-h2431-49052\Corpus_builder\PSRCBuilder\fMainForm.pas(1497,25) Warning: (4105) Implicit string type conversion with potential data loss from "WideString" to "RawByteString"
C:\Users\user\Documents\GitHub\SamudraManthanam-h2431-49052\Corpus_builder\PSRCBuilder\fMainForm.pas(1523,25) Warning: (4105) Implicit string type conversion with potential data loss from "WideString" to "RawByteString"
C:\Users\user\Documents\GitHub\SamudraManthanam-h2431-49052\Corpus_builder\PSRCBuilder\fMainForm.pas(1544,2) Note: (5025) Local variable "FN2" not used
C:\Users\user\Documents\GitHub\SamudraManthanam-h2431-49052\Corpus_builder\PSRCBuilder\fMainForm.pas(1563,5) Note: (5027) Local variable "FN0" is assigned but never used
(9022) Compiling resource C:\Users\user\Documents\GitHub\SamudraManthanam-h2431-49052\Corpus_builder\PSRCBuilder\lib\x86_64-win64\cb.obj
(9015) Linking C:\Users\user\Documents\GitHub\SamudraManthanam-h2431-49052\Corpus_builder\PSRCBuilder\lib\x86_64-win64\cb.exe
(1008) 7333 lines compiled, 4.6 sec, 1815232 bytes code, 127172 bytes data
(1021) 136 warning(s) issued
(1022) 102 hint(s) issued
(1023) 77 note(s) issued
Info: (lazarus) [TCompiler.Compile] end
